 Using username "ubuntu".
Authenticating with public key "imported-openssh-key"
Welcome to Ubuntu 22.04.2 LTS (GNU/Linux 5.19.0-1025-aws x86_64)

 * Documentation:  https://help.ubuntu.com
 * Management:     https://landscape.canonical.com
 * Support:        https://ubuntu.com/advantage

  System information as of Sun Jul 30 16:43:29 UTC 2023

  System load:  0.0               Processes:                116
  Usage of /:   45.7% of 7.57GB   Users logged in:          1
  Memory usage: 40%               IPv4 address for docker0: 172.17.0.1
  Swap usage:   0%                IPv4 address for ens5:    172.31.30.224

 * Ubuntu Pro delivers the most comprehensive open source security and
   compliance features.

   https://ubuntu.com/aws/pro

Expanded Security Maintenance for Applications is not enabled.

89 updates can be applied immediately.
55 of these updates are standard security updates.
To see these additional updates run: apt list --upgradable

Enable ESM Apps to receive additional future security updates.
See https://ubuntu.com/esm or run: sudo pro status


Last login: Sun Jul 30 16:41:05 2023 from 18.206.107.28
ubuntu@ip-172-31-30-224:~$ sudo su
root@ip-172-31-30-224:/home/ubuntu# su jenkins
su: user jenkins does not exist or the user entry does not contain all the required fields
root@ip-172-31-30-224:/home/ubuntu# su jenkins
su: user jenkins does not exist or the user entry does not contain all the required fields
root@ip-172-31-30-224:/home/ubuntu# docker ps
CONTAINER ID   IMAGE             COMMAND                  CREATED       STATUS             PORTS                                                  NAMES
07a8c58e9148   jenkins/jenkins   "/usr/bin/tini -- /u…"   5 hours ago   Up About an hour   0.0.0.0:8080->8080/tcp, :::8080->8080/tcp, 50000/tcp   jenkins
root@ip-172-31-30-224:/home/ubuntu# docker container stop 07a8c58e9148
07a8c58e9148
root@ip-172-31-30-224:/home/ubuntu# docker ps
CONTAINER ID   IMAGE     COMMAND   CREATED   STATUS    PORTS     NAMES
root@ip-172-31-30-224:/home/ubuntu# sudo apt update
Hit:1 http://us-east-1.ec2.archive.ubuntu.com/ubuntu jammy InRelease
Get:2 http://us-east-1.ec2.archive.ubuntu.com/ubuntu jammy-updates InRelease [119 kB]
Get:3 http://us-east-1.ec2.archive.ubuntu.com/ubuntu jammy-backports InRelease [108 kB]
Get:4 http://security.ubuntu.com/ubuntu jammy-security InRelease [110 kB]
Hit:5 https://download.docker.com/linux/ubuntu jammy InRelease
Fetched 337 kB in 1s (501 kB/s)
Reading package lists... Done
Building dependency tree... Done
Reading state information... Done
85 packages can be upgraded. Run 'apt list --upgradable' to see them.
root@ip-172-31-30-224:/home/ubuntu# sudo apt install openjdk-17-jre
Reading package lists... Done
Building dependency tree... Done
Reading state information... Done
The following additional packages will be installed:
  adwaita-icon-theme alsa-topology-conf alsa-ucm-conf at-spi2-core ca-certificates-java dconf-gsettings-backend dconf-service fontconfig fontconfig-config
  fonts-dejavu-core fonts-dejavu-extra gsettings-desktop-schemas gtk-update-icon-cache hicolor-icon-theme humanity-icon-theme java-common libasound2
  libasound2-data libatk-bridge2.0-0 libatk-wrapper-java libatk-wrapper-java-jni libatk1.0-0 libatk1.0-data libatspi2.0-0 libavahi-client3
  libavahi-common-data libavahi-common3 libcairo-gobject2 libcairo2 libcups2 libdatrie1 libdconf1 libdeflate0 libdrm-amdgpu1 libdrm-intel1 libdrm-nouveau2
  libdrm-radeon1 libfontconfig1 libfontenc1 libgail-common libgail18 libgdk-pixbuf-2.0-0 libgdk-pixbuf2.0-bin libgdk-pixbuf2.0-common libgif7 libgl1
  libgl1-amber-dri libgl1-mesa-dri libglapi-mesa libglvnd0 libglx-mesa0 libglx0 libgraphite2-3 libgtk2.0-0 libgtk2.0-bin libgtk2.0-common libharfbuzz0b
  libice6 libjbig0 libjpeg-turbo8 libjpeg8 liblcms2-2 libllvm15 libpango-1.0-0 libpangocairo-1.0-0 libpangoft2-1.0-0 libpciaccess0 libpcsclite1
  libpixman-1-0 librsvg2-2 librsvg2-common libsensors-config libsensors5 libsm6 libthai-data libthai0 libtiff5 libwebp7 libx11-6 libx11-xcb1 libxaw7
  libxcb-dri2-0 libxcb-dri3-0 libxcb-glx0 libxcb-present0 libxcb-render0 libxcb-shape0 libxcb-shm0 libxcb-sync1 libxcb-xfixes0 libxcomposite1 libxcursor1
  libxdamage1 libxfixes3 libxft2 libxi6 libxinerama1 libxkbfile1 libxmu6 libxpm4 libxrandr2 libxrender1 libxshmfence1 libxt6 libxtst6 libxv1 libxxf86dga1
  libxxf86vm1 openjdk-17-jre-headless session-migration ubuntu-mono x11-common x11-utils
Suggested packages:
  default-jre libasound2-plugins alsa-utils cups-common gvfs liblcms2-utils pcscd librsvg2-bin lm-sensors libnss-mdns fonts-ipafont-gothic
  fonts-ipafont-mincho fonts-wqy-microhei | fonts-wqy-zenhei fonts-indic mesa-utils
The following NEW packages will be installed:
  adwaita-icon-theme alsa-topology-conf alsa-ucm-conf at-spi2-core ca-certificates-java dconf-gsettings-backend dconf-service fontconfig fontconfig-config
  fonts-dejavu-core fonts-dejavu-extra gsettings-desktop-schemas gtk-update-icon-cache hicolor-icon-theme humanity-icon-theme java-common libasound2
  libasound2-data libatk-bridge2.0-0 libatk-wrapper-java libatk-wrapper-java-jni libatk1.0-0 libatk1.0-data libatspi2.0-0 libavahi-client3
  libavahi-common-data libavahi-common3 libcairo-gobject2 libcairo2 libcups2 libdatrie1 libdconf1 libdeflate0 libdrm-amdgpu1 libdrm-intel1 libdrm-nouveau2
  libdrm-radeon1 libfontconfig1 libfontenc1 libgail-common libgail18 libgdk-pixbuf-2.0-0 libgdk-pixbuf2.0-bin libgdk-pixbuf2.0-common libgif7 libgl1
  libgl1-amber-dri libgl1-mesa-dri libglapi-mesa libglvnd0 libglx-mesa0 libglx0 libgraphite2-3 libgtk2.0-0 libgtk2.0-bin libgtk2.0-common libharfbuzz0b
  libice6 libjbig0 libjpeg-turbo8 libjpeg8 liblcms2-2 libllvm15 libpango-1.0-0 libpangocairo-1.0-0 libpangoft2-1.0-0 libpciaccess0 libpcsclite1
  libpixman-1-0 librsvg2-2 librsvg2-common libsensors-config libsensors5 libsm6 libthai-data libthai0 libtiff5 libwebp7 libx11-xcb1 libxaw7 libxcb-dri2-0
  libxcb-dri3-0 libxcb-glx0 libxcb-present0 libxcb-render0 libxcb-shape0 libxcb-shm0 libxcb-sync1 libxcb-xfixes0 libxcomposite1 libxcursor1 libxdamage1
  libxfixes3 libxft2 libxi6 libxinerama1 libxkbfile1 libxmu6 libxpm4 libxrandr2 libxrender1 libxshmfence1 libxt6 libxtst6 libxv1 libxxf86dga1 libxxf86vm1
  openjdk-17-jre openjdk-17-jre-headless session-migration ubuntu-mono x11-common x11-utils
The following packages will be upgraded:
  libx11-6
1 upgraded, 113 newly installed, 0 to remove and 84 not upgraded.
Need to get 106 MB of archives.
After this operation, 437 MB of additional disk space will be used.
Do you want to continue? [Y/n] Y
Get:1 http://us-east-1.ec2.archive.ubuntu.com/ubuntu jammy-updates/main amd64 libx11-6 amd64 2:1.7.5-1ubuntu0.2 [666 kB]
Get:2 http://us-east-1.ec2.archive.ubuntu.com/ubuntu jammy/main amd64 hicolor-icon-theme all 0.17-2 [9976 B]
Get:3 http://us-east-1.ec2.archive.ubuntu.com/ubuntu jammy-updates/main amd64 libgdk-pixbuf2.0-common all 2.42.8+dfsg-1ubuntu0.2 [5530 B]
Get:4 http://us-east-1.ec2.archive.ubuntu.com/ubuntu jammy/main amd64 libjpeg-turbo8 amd64 2.1.2-0ubuntu1 [134 kB]
Get:5 http://us-east-1.ec2.archive.ubuntu.com/ubuntu jammy/main amd64 libjpeg8 amd64 8c-2ubuntu10 [2264 B]
Get:6 http://us-east-1.ec2.archive.ubuntu.com/ubuntu jammy/main amd64 libdeflate0 amd64 1.10-2 [70.9 kB]
Get:7 http://us-east-1.ec2.archive.ubuntu.com/ubuntu jammy-updates/main amd64 libjbig0 amd64 2.1-3.1ubuntu0.22.04.1 [29.2 kB]
Get:8 http://us-east-1.ec2.archive.ubuntu.com/ubuntu jammy-updates/main amd64 libwebp7 amd64 1.2.2-2ubuntu0.22.04.1 [206 kB]
Get:9 http://us-east-1.ec2.archive.ubuntu.com/ubuntu jammy-updates/main amd64 libtiff5 amd64 4.3.0-6ubuntu0.4 [183 kB]
Get:10 http://us-east-1.ec2.archive.ubuntu.com/ubuntu jammy-updates/main amd64 libgdk-pixbuf-2.0-0 amd64 2.42.8+dfsg-1ubuntu0.2 [148 kB]
Get:11 http://us-east-1.ec2.archive.ubuntu.com/ubuntu jammy-updates/main amd64 gtk-update-icon-cache amd64 3.24.33-1ubuntu2 [31.4 kB]
Get:12 http://us-east-1.ec2.archive.ubuntu.com/ubuntu jammy/main amd64 humanity-icon-theme all 0.6.16 [1282 kB]
Get:13 http://us-east-1.ec2.archive.ubuntu.com/ubuntu jammy/main amd64 ubuntu-mono all 20.10-0ubuntu2 [153 kB]
Get:14 http://us-east-1.ec2.archive.ubuntu.com/ubuntu jammy/main amd64 adwaita-icon-theme all 41.0-1ubuntu1 [3444 kB]
Get:15 http://us-east-1.ec2.archive.ubuntu.com/ubuntu jammy/main amd64 alsa-topology-conf all 1.2.5.1-2 [15.5 kB]
Get:16 http://us-east-1.ec2.archive.ubuntu.com/ubuntu jammy/main amd64 libasound2-data all 1.2.6.1-1ubuntu1 [19.1 kB]
Get:17 http://us-east-1.ec2.archive.ubuntu.com/ubuntu jammy/main amd64 libasound2 amd64 1.2.6.1-1ubuntu1 [390 kB]
Get:18 http://us-east-1.ec2.archive.ubuntu.com/ubuntu jammy-updates/main amd64 alsa-ucm-conf all 1.2.6.3-1ubuntu1.7 [41.8 kB]
Get:19 http://us-east-1.ec2.archive.ubuntu.com/ubuntu jammy/main amd64 libxi6 amd64 2:1.8-1build1 [32.6 kB]
Get:20 http://us-east-1.ec2.archive.ubuntu.com/ubuntu jammy/main amd64 libatspi2.0-0 amd64 2.44.0-3 [80.9 kB]
Get:21 http://us-east-1.ec2.archive.ubuntu.com/ubuntu jammy/main amd64 x11-common all 1:7.7+23ubuntu2 [23.4 kB]
Get:22 http://us-east-1.ec2.archive.ubuntu.com/ubuntu jammy/main amd64 libxtst6 amd64 2:1.2.3-1build4 [13.4 kB]
Get:23 http://us-east-1.ec2.archive.ubuntu.com/ubuntu jammy/main amd64 libdconf1 amd64 0.40.0-3 [40.5 kB]
Get:24 http://us-east-1.ec2.archive.ubuntu.com/ubuntu jammy/main amd64 dconf-service amd64 0.40.0-3 [28.5 kB]
Get:25 http://us-east-1.ec2.archive.ubuntu.com/ubuntu jammy/main amd64 dconf-gsettings-backend amd64 0.40.0-3 [22.8 kB]
Get:26 http://us-east-1.ec2.archive.ubuntu.com/ubuntu jammy/main amd64 session-migration amd64 0.3.6 [9774 B]
Get:27 http://us-east-1.ec2.archive.ubuntu.com/ubuntu jammy/main amd64 gsettings-desktop-schemas all 42.0-1ubuntu1 [31.1 kB]
Get:28 http://us-east-1.ec2.archive.ubuntu.com/ubuntu jammy/main amd64 at-spi2-core amd64 2.44.0-3 [54.4 kB]
Get:29 http://us-east-1.ec2.archive.ubuntu.com/ubuntu jammy/main amd64 java-common all 0.72build2 [6782 B]
Get:30 http://us-east-1.ec2.archive.ubuntu.com/ubuntu jammy-updates/main amd64 libavahi-common-data amd64 0.8-5ubuntu5.1 [23.5 kB]
Get:31 http://us-east-1.ec2.archive.ubuntu.com/ubuntu jammy-updates/main amd64 libavahi-common3 amd64 0.8-5ubuntu5.1 [23.7 kB]
Get:32 http://us-east-1.ec2.archive.ubuntu.com/ubuntu jammy-updates/main amd64 libavahi-client3 amd64 0.8-5ubuntu5.1 [28.0 kB]
Get:33 http://us-east-1.ec2.archive.ubuntu.com/ubuntu jammy-updates/main amd64 libcups2 amd64 2.4.1op1-1ubuntu4.4 [264 kB]
Get:34 http://us-east-1.ec2.archive.ubuntu.com/ubuntu jammy/main amd64 liblcms2-2 amd64 2.12~rc1-2build2 [159 kB]
Get:35 http://us-east-1.ec2.archive.ubuntu.com/ubuntu jammy/main amd64 fonts-dejavu-core all 2.37-2build1 [1041 kB]
Get:36 http://us-east-1.ec2.archive.ubuntu.com/ubuntu jammy/main amd64 fontconfig-config all 2.13.1-4.2ubuntu5 [29.1 kB]
Get:37 http://us-east-1.ec2.archive.ubuntu.com/ubuntu jammy/main amd64 libfontconfig1 amd64 2.13.1-4.2ubuntu5 [131 kB]
Get:38 http://us-east-1.ec2.archive.ubuntu.com/ubuntu jammy/main amd64 libgraphite2-3 amd64 1.3.14-1build2 [71.3 kB]
Get:39 http://us-east-1.ec2.archive.ubuntu.com/ubuntu jammy-updates/main amd64 libharfbuzz0b amd64 2.7.4-1ubuntu3.1 [352 kB]
Get:40 http://us-east-1.ec2.archive.ubuntu.com/ubuntu jammy-updates/main amd64 libpcsclite1 amd64 1.9.5-3ubuntu1 [19.8 kB]
Get:41 http://us-east-1.ec2.archive.ubuntu.com/ubuntu jammy-updates/universe amd64 openjdk-17-jre-headless amd64 17.0.7+7~us1-0ubuntu1~22.04.2 [48.3 MB]
Get:42 http://us-east-1.ec2.archive.ubuntu.com/ubuntu jammy-updates/main amd64 ca-certificates-java all 20190909ubuntu1.2 [12.1 kB]
Get:43 http://us-east-1.ec2.archive.ubuntu.com/ubuntu jammy/main amd64 fontconfig amd64 2.13.1-4.2ubuntu5 [177 kB]
Get:44 http://us-east-1.ec2.archive.ubuntu.com/ubuntu jammy/main amd64 fonts-dejavu-extra all 2.37-2build1 [2041 kB]
Get:45 http://us-east-1.ec2.archive.ubuntu.com/ubuntu jammy/main amd64 libatk1.0-data all 2.36.0-3build1 [2824 B]
Get:46 http://us-east-1.ec2.archive.ubuntu.com/ubuntu jammy/main amd64 libatk1.0-0 amd64 2.36.0-3build1 [51.9 kB]
Get:47 http://us-east-1.ec2.archive.ubuntu.com/ubuntu jammy/main amd64 libatk-bridge2.0-0 amd64 2.38.0-3 [66.6 kB]
Get:48 http://us-east-1.ec2.archive.ubuntu.com/ubuntu jammy/main amd64 libfontenc1 amd64 1:1.1.4-1build3 [14.7 kB]
Get:49 http://us-east-1.ec2.archive.ubuntu.com/ubuntu jammy/main amd64 libglvnd0 amd64 1.4.0-1 [73.6 kB]
Get:50 http://us-east-1.ec2.archive.ubuntu.com/ubuntu jammy-updates/main amd64 libglapi-mesa amd64 22.2.5-0ubuntu0.1~22.04.3 [35.5 kB]
Get:51 http://us-east-1.ec2.archive.ubuntu.com/ubuntu jammy-updates/main amd64 libx11-xcb1 amd64 2:1.7.5-1ubuntu0.2 [7800 B]
Get:52 http://us-east-1.ec2.archive.ubuntu.com/ubuntu jammy/main amd64 libxcb-dri2-0 amd64 1.14-3ubuntu3 [7206 B]
Get:53 http://us-east-1.ec2.archive.ubuntu.com/ubuntu jammy/main amd64 libxcb-dri3-0 amd64 1.14-3ubuntu3 [6968 B]
Get:54 http://us-east-1.ec2.archive.ubuntu.com/ubuntu jammy/main amd64 libxcb-glx0 amd64 1.14-3ubuntu3 [25.9 kB]
Get:55 http://us-east-1.ec2.archive.ubuntu.com/ubuntu jammy/main amd64 libxcb-present0 amd64 1.14-3ubuntu3 [5734 B]
Get:56 http://us-east-1.ec2.archive.ubuntu.com/ubuntu jammy/main amd64 libxcb-shm0 amd64 1.14-3ubuntu3 [5780 B]
Get:57 http://us-east-1.ec2.archive.ubuntu.com/ubuntu jammy/main amd64 libxcb-sync1 amd64 1.14-3ubuntu3 [9416 B]
Get:58 http://us-east-1.ec2.archive.ubuntu.com/ubuntu jammy/main amd64 libxcb-xfixes0 amd64 1.14-3ubuntu3 [9996 B]
Get:59 http://us-east-1.ec2.archive.ubuntu.com/ubuntu jammy/main amd64 libxfixes3 amd64 1:6.0.0-1 [11.7 kB]
Get:60 http://us-east-1.ec2.archive.ubuntu.com/ubuntu jammy/main amd64 libxshmfence1 amd64 1.3-1build4 [5394 B]
Get:61 http://us-east-1.ec2.archive.ubuntu.com/ubuntu jammy/main amd64 libxxf86vm1 amd64 1:1.1.4-1build3 [10.4 kB]
Get:62 http://us-east-1.ec2.archive.ubuntu.com/ubuntu jammy-updates/main amd64 libdrm-amdgpu1 amd64 2.4.113-2~ubuntu0.22.04.1 [19.9 kB]
Get:63 http://us-east-1.ec2.archive.ubuntu.com/ubuntu jammy-updates/main amd64 libdrm-nouveau2 amd64 2.4.113-2~ubuntu0.22.04.1 [17.5 kB]
Get:64 http://us-east-1.ec2.archive.ubuntu.com/ubuntu jammy-updates/main amd64 libdrm-radeon1 amd64 2.4.113-2~ubuntu0.22.04.1 [21.6 kB]
Get:65 http://us-east-1.ec2.archive.ubuntu.com/ubuntu jammy-updates/main amd64 libllvm15 amd64 1:15.0.7-0ubuntu0.22.04.3 [25.4 MB]
Get:66 http://us-east-1.ec2.archive.ubuntu.com/ubuntu jammy/main amd64 libsensors-config all 1:3.6.0-7ubuntu1 [5274 B]
Get:67 http://us-east-1.ec2.archive.ubuntu.com/ubuntu jammy/main amd64 libsensors5 amd64 1:3.6.0-7ubuntu1 [26.3 kB]
Get:68 http://us-east-1.ec2.archive.ubuntu.com/ubuntu jammy-updates/main amd64 libgl1-mesa-dri amd64 22.2.5-0ubuntu0.1~22.04.3 [7511 kB]
Get:69 http://us-east-1.ec2.archive.ubuntu.com/ubuntu jammy-updates/main amd64 libglx-mesa0 amd64 22.2.5-0ubuntu0.1~22.04.3 [158 kB]
Get:70 http://us-east-1.ec2.archive.ubuntu.com/ubuntu jammy/main amd64 libglx0 amd64 1.4.0-1 [41.0 kB]
Get:71 http://us-east-1.ec2.archive.ubuntu.com/ubuntu jammy/main amd64 libgl1 amd64 1.4.0-1 [110 kB]
Get:72 http://us-east-1.ec2.archive.ubuntu.com/ubuntu jammy/main amd64 libice6 amd64 2:1.0.10-1build2 [42.6 kB]
Get:73 http://us-east-1.ec2.archive.ubuntu.com/ubuntu jammy/main amd64 libsm6 amd64 2:1.2.3-1build2 [16.7 kB]
Get:74 http://us-east-1.ec2.archive.ubuntu.com/ubuntu jammy/main amd64 libxt6 amd64 1:1.2.1-1 [177 kB]
Get:75 http://us-east-1.ec2.archive.ubuntu.com/ubuntu jammy/main amd64 libxmu6 amd64 2:1.1.3-3 [49.6 kB]
Get:76 http://us-east-1.ec2.archive.ubuntu.com/ubuntu jammy-updates/main amd64 libxpm4 amd64 1:3.5.12-1ubuntu0.22.04.1 [36.4 kB]
Get:77 http://us-east-1.ec2.archive.ubuntu.com/ubuntu jammy/main amd64 libxaw7 amd64 2:1.0.14-1 [191 kB]
Get:78 http://us-east-1.ec2.archive.ubuntu.com/ubuntu jammy/main amd64 libxcb-shape0 amd64 1.14-3ubuntu3 [6158 B]
Get:79 http://us-east-1.ec2.archive.ubuntu.com/ubuntu jammy/main amd64 libxcomposite1 amd64 1:0.4.5-1build2 [7192 B]
Get:80 http://us-east-1.ec2.archive.ubuntu.com/ubuntu jammy/main amd64 libxrender1 amd64 1:0.9.10-1build4 [19.7 kB]
Get:81 http://us-east-1.ec2.archive.ubuntu.com/ubuntu jammy/main amd64 libxft2 amd64 2.3.4-1 [41.8 kB]
Get:82 http://us-east-1.ec2.archive.ubuntu.com/ubuntu jammy/main amd64 libxinerama1 amd64 2:1.1.4-3 [7382 B]
Get:83 http://us-east-1.ec2.archive.ubuntu.com/ubuntu jammy/main amd64 libxkbfile1 amd64 1:1.1.0-1build3 [71.8 kB]
Get:84 http://us-east-1.ec2.archive.ubuntu.com/ubuntu jammy/main amd64 libxrandr2 amd64 2:1.5.2-1build1 [20.4 kB]
Get:85 http://us-east-1.ec2.archive.ubuntu.com/ubuntu jammy/main amd64 libxv1 amd64 2:1.0.11-1build2 [11.2 kB]
Get:86 http://us-east-1.ec2.archive.ubuntu.com/ubuntu jammy/main amd64 libxxf86dga1 amd64 2:1.1.5-0ubuntu3 [12.6 kB]
Get:87 http://us-east-1.ec2.archive.ubuntu.com/ubuntu jammy/main amd64 x11-utils amd64 7.7+5build2 [206 kB]
Get:88 http://us-east-1.ec2.archive.ubuntu.com/ubuntu jammy/main amd64 libatk-wrapper-java all 0.38.0-5build1 [53.1 kB]
Get:89 http://us-east-1.ec2.archive.ubuntu.com/ubuntu jammy/main amd64 libatk-wrapper-java-jni amd64 0.38.0-5build1 [49.0 kB]
Get:90 http://us-east-1.ec2.archive.ubuntu.com/ubuntu jammy-updates/main amd64 libpixman-1-0 amd64 0.40.0-1ubuntu0.22.04.1 [264 kB]
Get:91 http://us-east-1.ec2.archive.ubuntu.com/ubuntu jammy/main amd64 libxcb-render0 amd64 1.14-3ubuntu3 [16.4 kB]
Get:92 http://us-east-1.ec2.archive.ubuntu.com/ubuntu jammy/main amd64 libcairo2 amd64 1.16.0-5ubuntu2 [628 kB]
Get:93 http://us-east-1.ec2.archive.ubuntu.com/ubuntu jammy/main amd64 libcairo-gobject2 amd64 1.16.0-5ubuntu2 [19.4 kB]
Get:94 http://us-east-1.ec2.archive.ubuntu.com/ubuntu jammy/main amd64 libdatrie1 amd64 0.2.13-2 [19.9 kB]
Get:95 http://us-east-1.ec2.archive.ubuntu.com/ubuntu jammy/main amd64 libpciaccess0 amd64 0.16-3 [19.1 kB]
Get:96 http://us-east-1.ec2.archive.ubuntu.com/ubuntu jammy-updates/main amd64 libdrm-intel1 amd64 2.4.113-2~ubuntu0.22.04.1 [66.7 kB]
Get:97 http://us-east-1.ec2.archive.ubuntu.com/ubuntu jammy/main amd64 libgtk2.0-common all 2.24.33-2ubuntu2 [125 kB]
Get:98 http://us-east-1.ec2.archive.ubuntu.com/ubuntu jammy/main amd64 libthai-data all 0.1.29-1build1 [162 kB]
Get:99 http://us-east-1.ec2.archive.ubuntu.com/ubuntu jammy/main amd64 libthai0 amd64 0.1.29-1build1 [19.2 kB]
Get:100 http://us-east-1.ec2.archive.ubuntu.com/ubuntu jammy-updates/main amd64 libpango-1.0-0 amd64 1.50.6+ds-2ubuntu1 [230 kB]
Get:101 http://us-east-1.ec2.archive.ubuntu.com/ubuntu jammy-updates/main amd64 libpangoft2-1.0-0 amd64 1.50.6+ds-2ubuntu1 [54.0 kB]
Get:102 http://us-east-1.ec2.archive.ubuntu.com/ubuntu jammy-updates/main amd64 libpangocairo-1.0-0 amd64 1.50.6+ds-2ubuntu1 [39.8 kB]
Get:103 http://us-east-1.ec2.archive.ubuntu.com/ubuntu jammy/main amd64 libxcursor1 amd64 1:1.2.0-2build4 [20.9 kB]
Get:104 http://us-east-1.ec2.archive.ubuntu.com/ubuntu jammy/main amd64 libxdamage1 amd64 1:1.1.5-2build2 [7154 B]
Get:105 http://us-east-1.ec2.archive.ubuntu.com/ubuntu jammy/main amd64 libgtk2.0-0 amd64 2.24.33-2ubuntu2 [2037 kB]
Get:106 http://us-east-1.ec2.archive.ubuntu.com/ubuntu jammy/main amd64 libgail18 amd64 2.24.33-2ubuntu2 [15.9 kB]
Get:107 http://us-east-1.ec2.archive.ubuntu.com/ubuntu jammy/main amd64 libgail-common amd64 2.24.33-2ubuntu2 [132 kB]
Get:108 http://us-east-1.ec2.archive.ubuntu.com/ubuntu jammy-updates/main amd64 libgdk-pixbuf2.0-bin amd64 2.42.8+dfsg-1ubuntu0.2 [14.2 kB]
Get:109 http://us-east-1.ec2.archive.ubuntu.com/ubuntu jammy/main amd64 libgif7 amd64 5.1.9-2build2 [33.8 kB]
Get:110 http://us-east-1.ec2.archive.ubuntu.com/ubuntu jammy/main amd64 libgl1-amber-dri amd64 21.3.7-0ubuntu1 [4433 kB]
Get:111 http://us-east-1.ec2.archive.ubuntu.com/ubuntu jammy/main amd64 libgtk2.0-bin amd64 2.24.33-2ubuntu2 [7932 B]
Get:112 http://us-east-1.ec2.archive.ubuntu.com/ubuntu jammy/main amd64 librsvg2-2 amd64 2.52.5+dfsg-3 [3020 kB]
Get:113 http://us-east-1.ec2.archive.ubuntu.com/ubuntu jammy/main amd64 librsvg2-common amd64 2.52.5+dfsg-3 [17.7 kB]
Get:114 http://us-east-1.ec2.archive.ubuntu.com/ubuntu jammy-updates/universe amd64 openjdk-17-jre amd64 17.0.7+7~us1-0ubuntu1~22.04.2 [203 kB]
Fetched 106 MB in 2s (47.2 MB/s)
Extracting templates from packages: 100%
(Reading database ... 64575 files and directories currently installed.)
Preparing to unpack .../000-libx11-6_2%3a1.7.5-1ubuntu0.2_amd64.deb ...
Unpacking libx11-6:amd64 (2:1.7.5-1ubuntu0.2) over (2:1.7.5-1) ...
Selecting previously unselected package hicolor-icon-theme.
Preparing to unpack .../001-hicolor-icon-theme_0.17-2_all.deb ...
Unpacking hicolor-icon-theme (0.17-2) ...
Selecting previously unselected package libgdk-pixbuf2.0-common.
Preparing to unpack .../002-libgdk-pixbuf2.0-common_2.42.8+dfsg-1ubuntu0.2_all.deb ...
Unpacking libgdk-pixbuf2.0-common (2.42.8+dfsg-1ubuntu0.2) ...
Selecting previously unselected package libjpeg-turbo8:amd64.
Preparing to unpack .../003-libjpeg-turbo8_2.1.2-0ubuntu1_amd64.deb ...
Unpacking libjpeg-turbo8:amd64 (2.1.2-0ubuntu1) ...
Selecting previously unselected package libjpeg8:amd64.
Preparing to unpack .../004-libjpeg8_8c-2ubuntu10_amd64.deb ...
Unpacking libjpeg8:amd64 (8c-2ubuntu10) ...
Selecting previously unselected package libdeflate0:amd64.
Preparing to unpack .../005-libdeflate0_1.10-2_amd64.deb ...
Unpacking libdeflate0:amd64 (1.10-2) ...
Selecting previously unselected package libjbig0:amd64.
Preparing to unpack .../006-libjbig0_2.1-3.1ubuntu0.22.04.1_amd64.deb ...
Unpacking libjbig0:amd64 (2.1-3.1ubuntu0.22.04.1) ...
Selecting previously unselected package libwebp7:amd64.
Preparing to unpack .../007-libwebp7_1.2.2-2ubuntu0.22.04.1_amd64.deb ...
Unpacking libwebp7:amd64 (1.2.2-2ubuntu0.22.04.1) ...
Selecting previously unselected package libtiff5:amd64.
Preparing to unpack .../008-libtiff5_4.3.0-6ubuntu0.4_amd64.deb ...
Unpacking libtiff5:amd64 (4.3.0-6ubuntu0.4) ...
Selecting previously unselected package libgdk-pixbuf-2.0-0:amd64.
Preparing to unpack .../009-libgdk-pixbuf-2.0-0_2.42.8+dfsg-1ubuntu0.2_amd64.deb ...
Unpacking libgdk-pixbuf-2.0-0:amd64 (2.42.8+dfsg-1ubuntu0.2) ...
Selecting previously unselected package gtk-update-icon-cache.
Preparing to unpack .../010-gtk-update-icon-cache_3.24.33-1ubuntu2_amd64.deb ...
Unpacking gtk-update-icon-cache (3.24.33-1ubuntu2) ...
Selecting previously unselected package humanity-icon-theme.
Preparing to unpack .../011-humanity-icon-theme_0.6.16_all.deb ...
Unpacking humanity-icon-theme (0.6.16) ...
Selecting previously unselected package ubuntu-mono.
Preparing to unpack .../012-ubuntu-mono_20.10-0ubuntu2_all.deb ...
Unpacking ubuntu-mono (20.10-0ubuntu2) ...
Selecting previously unselected package adwaita-icon-theme.
Preparing to unpack .../013-adwaita-icon-theme_41.0-1ubuntu1_all.deb ...
Unpacking adwaita-icon-theme (41.0-1ubuntu1) ...
Selecting previously unselected package alsa-topology-conf.
Preparing to unpack .../014-alsa-topology-conf_1.2.5.1-2_all.deb ...
Unpacking alsa-topology-conf (1.2.5.1-2) ...
Selecting previously unselected package libasound2-data.
Preparing to unpack .../015-libasound2-data_1.2.6.1-1ubuntu1_all.deb ...
Unpacking libasound2-data (1.2.6.1-1ubuntu1) ...
Selecting previously unselected package libasound2:amd64.
Preparing to unpack .../016-libasound2_1.2.6.1-1ubuntu1_amd64.deb ...
Unpacking libasound2:amd64 (1.2.6.1-1ubuntu1) ...
Selecting previously unselected package alsa-ucm-conf.
Preparing to unpack .../017-alsa-ucm-conf_1.2.6.3-1ubuntu1.7_all.deb ...
Unpacking alsa-ucm-conf (1.2.6.3-1ubuntu1.7) ...
Selecting previously unselected package libxi6:amd64.
Preparing to unpack .../018-libxi6_2%3a1.8-1build1_amd64.deb ...
Unpacking libxi6:amd64 (2:1.8-1build1) ...
Selecting previously unselected package libatspi2.0-0:amd64.
Preparing to unpack .../019-libatspi2.0-0_2.44.0-3_amd64.deb ...
Unpacking libatspi2.0-0:amd64 (2.44.0-3) ...
Selecting previously unselected package x11-common.
Preparing to unpack .../020-x11-common_1%3a7.7+23ubuntu2_all.deb ...
Unpacking x11-common (1:7.7+23ubuntu2) ...
Selecting previously unselected package libxtst6:amd64.
Preparing to unpack .../021-libxtst6_2%3a1.2.3-1build4_amd64.deb ...
Unpacking libxtst6:amd64 (2:1.2.3-1build4) ...
Selecting previously unselected package libdconf1:amd64.
Preparing to unpack .../022-libdconf1_0.40.0-3_amd64.deb ...
Unpacking libdconf1:amd64 (0.40.0-3) ...
Selecting previously unselected package dconf-service.
Preparing to unpack .../023-dconf-service_0.40.0-3_amd64.deb ...
Unpacking dconf-service (0.40.0-3) ...
Selecting previously unselected package dconf-gsettings-backend:amd64.
Preparing to unpack .../024-dconf-gsettings-backend_0.40.0-3_amd64.deb ...
Unpacking dconf-gsettings-backend:amd64 (0.40.0-3) ...
Selecting previously unselected package session-migration.
Preparing to unpack .../025-session-migration_0.3.6_amd64.deb ...
Unpacking session-migration (0.3.6) ...
Selecting previously unselected package gsettings-desktop-schemas.
Preparing to unpack .../026-gsettings-desktop-schemas_42.0-1ubuntu1_all.deb ...
Unpacking gsettings-desktop-schemas (42.0-1ubuntu1) ...
Selecting previously unselected package at-spi2-core.
Preparing to unpack .../027-at-spi2-core_2.44.0-3_amd64.deb ...
Unpacking at-spi2-core (2.44.0-3) ...
Selecting previously unselected package java-common.
Preparing to unpack .../028-java-common_0.72build2_all.deb ...
Unpacking java-common (0.72build2) ...
Selecting previously unselected package libavahi-common-data:amd64.
Preparing to unpack .../029-libavahi-common-data_0.8-5ubuntu5.1_amd64.deb ...
Unpacking libavahi-common-data:amd64 (0.8-5ubuntu5.1) ...
Selecting previously unselected package libavahi-common3:amd64.
Preparing to unpack .../030-libavahi-common3_0.8-5ubuntu5.1_amd64.deb ...
Unpacking libavahi-common3:amd64 (0.8-5ubuntu5.1) ...
Selecting previously unselected package libavahi-client3:amd64.
Preparing to unpack .../031-libavahi-client3_0.8-5ubuntu5.1_amd64.deb ...
Unpacking libavahi-client3:amd64 (0.8-5ubuntu5.1) ...
Selecting previously unselected package libcups2:amd64.
Preparing to unpack .../032-libcups2_2.4.1op1-1ubuntu4.4_amd64.deb ...
Unpacking libcups2:amd64 (2.4.1op1-1ubuntu4.4) ...
Selecting previously unselected package liblcms2-2:amd64.
Preparing to unpack .../033-liblcms2-2_2.12~rc1-2build2_amd64.deb ...
Unpacking liblcms2-2:amd64 (2.12~rc1-2build2) ...
Selecting previously unselected package fonts-dejavu-core.
Preparing to unpack .../034-fonts-dejavu-core_2.37-2build1_all.deb ...
Unpacking fonts-dejavu-core (2.37-2build1) ...
Selecting previously unselected package fontconfig-config.
Preparing to unpack .../035-fontconfig-config_2.13.1-4.2ubuntu5_all.deb ...
Unpacking fontconfig-config (2.13.1-4.2ubuntu5) ...
Selecting previously unselected package libfontconfig1:amd64.
Preparing to unpack .../036-libfontconfig1_2.13.1-4.2ubuntu5_amd64.deb ...
Unpacking libfontconfig1:amd64 (2.13.1-4.2ubuntu5) ...
Selecting previously unselected package libgraphite2-3:amd64.
Preparing to unpack .../037-libgraphite2-3_1.3.14-1build2_amd64.deb ...
Unpacking libgraphite2-3:amd64 (1.3.14-1build2) ...
Selecting previously unselected package libharfbuzz0b:amd64.
Preparing to unpack .../038-libharfbuzz0b_2.7.4-1ubuntu3.1_amd64.deb ...
Unpacking libharfbuzz0b:amd64 (2.7.4-1ubuntu3.1) ...
Selecting previously unselected package libpcsclite1:amd64.
Preparing to unpack .../039-libpcsclite1_1.9.5-3ubuntu1_amd64.deb ...
Unpacking libpcsclite1:amd64 (1.9.5-3ubuntu1) ...
Selecting previously unselected package openjdk-17-jre-headless:amd64.
Preparing to unpack .../040-openjdk-17-jre-headless_17.0.7+7~us1-0ubuntu1~22.04.2_amd64.deb ...
Unpacking openjdk-17-jre-headless:amd64 (17.0.7+7~us1-0ubuntu1~22.04.2) ...
Selecting previously unselected package ca-certificates-java.
Preparing to unpack .../041-ca-certificates-java_20190909ubuntu1.2_all.deb ...
Unpacking ca-certificates-java (20190909ubuntu1.2) ...
Selecting previously unselected package fontconfig.
Preparing to unpack .../042-fontconfig_2.13.1-4.2ubuntu5_amd64.deb ...
Unpacking fontconfig (2.13.1-4.2ubuntu5) ...
Selecting previously unselected package fonts-dejavu-extra.
Preparing to unpack .../043-fonts-dejavu-extra_2.37-2build1_all.deb ...
Unpacking fonts-dejavu-extra (2.37-2build1) ...
Selecting previously unselected package libatk1.0-data.
Preparing to unpack .../044-libatk1.0-data_2.36.0-3build1_all.deb ...
Unpacking libatk1.0-data (2.36.0-3build1) ...
Selecting previously unselected package libatk1.0-0:amd64.
Preparing to unpack .../045-libatk1.0-0_2.36.0-3build1_amd64.deb ...
Unpacking libatk1.0-0:amd64 (2.36.0-3build1) ...
Selecting previously unselected package libatk-bridge2.0-0:amd64.
Preparing to unpack .../046-libatk-bridge2.0-0_2.38.0-3_amd64.deb ...
Unpacking libatk-bridge2.0-0:amd64 (2.38.0-3) ...
Selecting previously unselected package libfontenc1:amd64.
Preparing to unpack .../047-libfontenc1_1%3a1.1.4-1build3_amd64.deb ...
Unpacking libfontenc1:amd64 (1:1.1.4-1build3) ...
Selecting previously unselected package libglvnd0:amd64.
Preparing to unpack .../048-libglvnd0_1.4.0-1_amd64.deb ...
Unpacking libglvnd0:amd64 (1.4.0-1) ...
Selecting previously unselected package libglapi-mesa:amd64.
Preparing to unpack .../049-libglapi-mesa_22.2.5-0ubuntu0.1~22.04.3_amd64.deb ...
Unpacking libglapi-mesa:amd64 (22.2.5-0ubuntu0.1~22.04.3) ...
Selecting previously unselected package libx11-xcb1:amd64.
Preparing to unpack .../050-libx11-xcb1_2%3a1.7.5-1ubuntu0.2_amd64.deb ...
Unpacking libx11-xcb1:amd64 (2:1.7.5-1ubuntu0.2) ...
Selecting previously unselected package libxcb-dri2-0:amd64.
Preparing to unpack .../051-libxcb-dri2-0_1.14-3ubuntu3_amd64.deb ...
Unpacking libxcb-dri2-0:amd64 (1.14-3ubuntu3) ...
Selecting previously unselected package libxcb-dri3-0:amd64.
Preparing to unpack .../052-libxcb-dri3-0_1.14-3ubuntu3_amd64.deb ...
Unpacking libxcb-dri3-0:amd64 (1.14-3ubuntu3) ...
Selecting previously unselected package libxcb-glx0:amd64.
Preparing to unpack .../053-libxcb-glx0_1.14-3ubuntu3_amd64.deb ...
Unpacking libxcb-glx0:amd64 (1.14-3ubuntu3) ...
Selecting previously unselected package libxcb-present0:amd64.
Preparing to unpack .../054-libxcb-present0_1.14-3ubuntu3_amd64.deb ...
Unpacking libxcb-present0:amd64 (1.14-3ubuntu3) ...
Selecting previously unselected package libxcb-shm0:amd64.
Preparing to unpack .../055-libxcb-shm0_1.14-3ubuntu3_amd64.deb ...
Unpacking libxcb-shm0:amd64 (1.14-3ubuntu3) ...
Selecting previously unselected package libxcb-sync1:amd64.
Preparing to unpack .../056-libxcb-sync1_1.14-3ubuntu3_amd64.deb ...
Unpacking libxcb-sync1:amd64 (1.14-3ubuntu3) ...
Selecting previously unselected package libxcb-xfixes0:amd64.
Preparing to unpack .../057-libxcb-xfixes0_1.14-3ubuntu3_amd64.deb ...
Unpacking libxcb-xfixes0:amd64 (1.14-3ubuntu3) ...
Selecting previously unselected package libxfixes3:amd64.
Preparing to unpack .../058-libxfixes3_1%3a6.0.0-1_amd64.deb ...
Unpacking libxfixes3:amd64 (1:6.0.0-1) ...
Selecting previously unselected package libxshmfence1:amd64.
Preparing to unpack .../059-libxshmfence1_1.3-1build4_amd64.deb ...
Unpacking libxshmfence1:amd64 (1.3-1build4) ...
Selecting previously unselected package libxxf86vm1:amd64.
Preparing to unpack .../060-libxxf86vm1_1%3a1.1.4-1build3_amd64.deb ...
Unpacking libxxf86vm1:amd64 (1:1.1.4-1build3) ...
Selecting previously unselected package libdrm-amdgpu1:amd64.
Preparing to unpack .../061-libdrm-amdgpu1_2.4.113-2~ubuntu0.22.04.1_amd64.deb ...
Unpacking libdrm-amdgpu1:amd64 (2.4.113-2~ubuntu0.22.04.1) ...
Selecting previously unselected package libdrm-nouveau2:amd64.
Preparing to unpack .../062-libdrm-nouveau2_2.4.113-2~ubuntu0.22.04.1_amd64.deb ...
Unpacking libdrm-nouveau2:amd64 (2.4.113-2~ubuntu0.22.04.1) ...
Selecting previously unselected package libdrm-radeon1:amd64.
Preparing to unpack .../063-libdrm-radeon1_2.4.113-2~ubuntu0.22.04.1_amd64.deb ...
Unpacking libdrm-radeon1:amd64 (2.4.113-2~ubuntu0.22.04.1) ...
Selecting previously unselected package libllvm15:amd64.
Preparing to unpack .../064-libllvm15_1%3a15.0.7-0ubuntu0.22.04.3_amd64.deb ...
Unpacking libllvm15:amd64 (1:15.0.7-0ubuntu0.22.04.3) ...
Selecting previously unselected package libsensors-config.
Preparing to unpack .../065-libsensors-config_1%3a3.6.0-7ubuntu1_all.deb ...
Unpacking libsensors-config (1:3.6.0-7ubuntu1) ...
Selecting previously unselected package libsensors5:amd64.
Preparing to unpack .../066-libsensors5_1%3a3.6.0-7ubuntu1_amd64.deb ...
Unpacking libsensors5:amd64 (1:3.6.0-7ubuntu1) ...
Selecting previously unselected package libgl1-mesa-dri:amd64.
Preparing to unpack .../067-libgl1-mesa-dri_22.2.5-0ubuntu0.1~22.04.3_amd64.deb ...
Unpacking libgl1-mesa-dri:amd64 (22.2.5-0ubuntu0.1~22.04.3) ...
Selecting previously unselected package libglx-mesa0:amd64.
Preparing to unpack .../068-libglx-mesa0_22.2.5-0ubuntu0.1~22.04.3_amd64.deb ...
Unpacking libglx-mesa0:amd64 (22.2.5-0ubuntu0.1~22.04.3) ...
Selecting previously unselected package libglx0:amd64.
Preparing to unpack .../069-libglx0_1.4.0-1_amd64.deb ...
Unpacking libglx0:amd64 (1.4.0-1) ...
Selecting previously unselected package libgl1:amd64.
Preparing to unpack .../070-libgl1_1.4.0-1_amd64.deb ...
Unpacking libgl1:amd64 (1.4.0-1) ...
Selecting previously unselected package libice6:amd64.
Preparing to unpack .../071-libice6_2%3a1.0.10-1build2_amd64.deb ...
Unpacking libice6:amd64 (2:1.0.10-1build2) ...
Selecting previously unselected package libsm6:amd64.
Preparing to unpack .../072-libsm6_2%3a1.2.3-1build2_amd64.deb ...
Unpacking libsm6:amd64 (2:1.2.3-1build2) ...
Selecting previously unselected package libxt6:amd64.
Preparing to unpack .../073-libxt6_1%3a1.2.1-1_amd64.deb ...
Unpacking libxt6:amd64 (1:1.2.1-1) ...
Selecting previously unselected package libxmu6:amd64.
Preparing to unpack .../074-libxmu6_2%3a1.1.3-3_amd64.deb ...
Unpacking libxmu6:amd64 (2:1.1.3-3) ...
Selecting previously unselected package libxpm4:amd64.
Preparing to unpack .../075-libxpm4_1%3a3.5.12-1ubuntu0.22.04.1_amd64.deb ...
Unpacking libxpm4:amd64 (1:3.5.12-1ubuntu0.22.04.1) ...
Selecting previously unselected package libxaw7:amd64.
Preparing to unpack .../076-libxaw7_2%3a1.0.14-1_amd64.deb ...
Unpacking libxaw7:amd64 (2:1.0.14-1) ...
Selecting previously unselected package libxcb-shape0:amd64.
Preparing to unpack .../077-libxcb-shape0_1.14-3ubuntu3_amd64.deb ...
Unpacking libxcb-shape0:amd64 (1.14-3ubuntu3) ...
Selecting previously unselected package libxcomposite1:amd64.
Preparing to unpack .../078-libxcomposite1_1%3a0.4.5-1build2_amd64.deb ...
Unpacking libxcomposite1:amd64 (1:0.4.5-1build2) ...
Selecting previously unselected package libxrender1:amd64.
Preparing to unpack .../079-libxrender1_1%3a0.9.10-1build4_amd64.deb ...
Unpacking libxrender1:amd64 (1:0.9.10-1build4) ...
Selecting previously unselected package libxft2:amd64.
Preparing to unpack .../080-libxft2_2.3.4-1_amd64.deb ...
Unpacking libxft2:amd64 (2.3.4-1) ...
Selecting previously unselected package libxinerama1:amd64.
Preparing to unpack .../081-libxinerama1_2%3a1.1.4-3_amd64.deb ...
Unpacking libxinerama1:amd64 (2:1.1.4-3) ...
Selecting previously unselected package libxkbfile1:amd64.
Preparing to unpack .../082-libxkbfile1_1%3a1.1.0-1build3_amd64.deb ...
Unpacking libxkbfile1:amd64 (1:1.1.0-1build3) ...
Selecting previously unselected package libxrandr2:amd64.
Preparing to unpack .../083-libxrandr2_2%3a1.5.2-1build1_amd64.deb ...
Unpacking libxrandr2:amd64 (2:1.5.2-1build1) ...
Selecting previously unselected package libxv1:amd64.
Preparing to unpack .../084-libxv1_2%3a1.0.11-1build2_amd64.deb ...
Unpacking libxv1:amd64 (2:1.0.11-1build2) ...
Selecting previously unselected package libxxf86dga1:amd64.
Preparing to unpack .../085-libxxf86dga1_2%3a1.1.5-0ubuntu3_amd64.deb ...
Unpacking libxxf86dga1:amd64 (2:1.1.5-0ubuntu3) ...
Selecting previously unselected package x11-utils.
Preparing to unpack .../086-x11-utils_7.7+5build2_amd64.deb ...
Unpacking x11-utils (7.7+5build2) ...
Selecting previously unselected package libatk-wrapper-java.
Preparing to unpack .../087-libatk-wrapper-java_0.38.0-5build1_all.deb ...
Unpacking libatk-wrapper-java (0.38.0-5build1) ...
Selecting previously unselected package libatk-wrapper-java-jni:amd64.
Preparing to unpack .../088-libatk-wrapper-java-jni_0.38.0-5build1_amd64.deb ...
Unpacking libatk-wrapper-java-jni:amd64 (0.38.0-5build1) ...
Selecting previously unselected package libpixman-1-0:amd64.
Preparing to unpack .../089-libpixman-1-0_0.40.0-1ubuntu0.22.04.1_amd64.deb ...
Unpacking libpixman-1-0:amd64 (0.40.0-1ubuntu0.22.04.1) ...
Selecting previously unselected package libxcb-render0:amd64.
Preparing to unpack .../090-libxcb-render0_1.14-3ubuntu3_amd64.deb ...
Unpacking libxcb-render0:amd64 (1.14-3ubuntu3) ...
Selecting previously unselected package libcairo2:amd64.
Preparing to unpack .../091-libcairo2_1.16.0-5ubuntu2_amd64.deb ...
Unpacking libcairo2:amd64 (1.16.0-5ubuntu2) ...
Selecting previously unselected package libcairo-gobject2:amd64.
Preparing to unpack .../092-libcairo-gobject2_1.16.0-5ubuntu2_amd64.deb ...
Unpacking libcairo-gobject2:amd64 (1.16.0-5ubuntu2) ...
Selecting previously unselected package libdatrie1:amd64.
Preparing to unpack .../093-libdatrie1_0.2.13-2_amd64.deb ...
Unpacking libdatrie1:amd64 (0.2.13-2) ...
Selecting previously unselected package libpciaccess0:amd64.
Preparing to unpack .../094-libpciaccess0_0.16-3_amd64.deb ...
Unpacking libpciaccess0:amd64 (0.16-3) ...
Selecting previously unselected package libdrm-intel1:amd64.
Preparing to unpack .../095-libdrm-intel1_2.4.113-2~ubuntu0.22.04.1_amd64.deb ...
Unpacking libdrm-intel1:amd64 (2.4.113-2~ubuntu0.22.04.1) ...
Selecting previously unselected package libgtk2.0-common.
Preparing to unpack .../096-libgtk2.0-common_2.24.33-2ubuntu2_all.deb ...
Unpacking libgtk2.0-common (2.24.33-2ubuntu2) ...
Selecting previously unselected package libthai-data.
Preparing to unpack .../097-libthai-data_0.1.29-1build1_all.deb ...
Unpacking libthai-data (0.1.29-1build1) ...
Selecting previously unselected package libthai0:amd64.
Preparing to unpack .../098-libthai0_0.1.29-1build1_amd64.deb ...
Unpacking libthai0:amd64 (0.1.29-1build1) ...
Selecting previously unselected package libpango-1.0-0:amd64.
Preparing to unpack .../099-libpango-1.0-0_1.50.6+ds-2ubuntu1_amd64.deb ...
Unpacking libpango-1.0-0:amd64 (1.50.6+ds-2ubuntu1) ...
Selecting previously unselected package libpangoft2-1.0-0:amd64.
Preparing to unpack .../100-libpangoft2-1.0-0_1.50.6+ds-2ubuntu1_amd64.deb ...
Unpacking libpangoft2-1.0-0:amd64 (1.50.6+ds-2ubuntu1) ...
Selecting previously unselected package libpangocairo-1.0-0:amd64.
Preparing to unpack .../101-libpangocairo-1.0-0_1.50.6+ds-2ubuntu1_amd64.deb ...
Unpacking libpangocairo-1.0-0:amd64 (1.50.6+ds-2ubuntu1) ...
Selecting previously unselected package libxcursor1:amd64.
Preparing to unpack .../102-libxcursor1_1%3a1.2.0-2build4_amd64.deb ...
Unpacking libxcursor1:amd64 (1:1.2.0-2build4) ...
Selecting previously unselected package libxdamage1:amd64.
Preparing to unpack .../103-libxdamage1_1%3a1.1.5-2build2_amd64.deb ...
Unpacking libxdamage1:amd64 (1:1.1.5-2build2) ...
Selecting previously unselected package libgtk2.0-0:amd64.
Preparing to unpack .../104-libgtk2.0-0_2.24.33-2ubuntu2_amd64.deb ...
Unpacking libgtk2.0-0:amd64 (2.24.33-2ubuntu2) ...
Selecting previously unselected package libgail18:amd64.
Preparing to unpack .../105-libgail18_2.24.33-2ubuntu2_amd64.deb ...
Unpacking libgail18:amd64 (2.24.33-2ubuntu2) ...
Selecting previously unselected package libgail-common:amd64.
Preparing to unpack .../106-libgail-common_2.24.33-2ubuntu2_amd64.deb ...
Unpacking libgail-common:amd64 (2.24.33-2ubuntu2) ...
Selecting previously unselected package libgdk-pixbuf2.0-bin.
Preparing to unpack .../107-libgdk-pixbuf2.0-bin_2.42.8+dfsg-1ubuntu0.2_amd64.deb ...
Unpacking libgdk-pixbuf2.0-bin (2.42.8+dfsg-1ubuntu0.2) ...
Selecting previously unselected package libgif7:amd64.
Preparing to unpack .../108-libgif7_5.1.9-2build2_amd64.deb ...
Unpacking libgif7:amd64 (5.1.9-2build2) ...
Selecting previously unselected package libgl1-amber-dri:amd64.
Preparing to unpack .../109-libgl1-amber-dri_21.3.7-0ubuntu1_amd64.deb ...
Unpacking libgl1-amber-dri:amd64 (21.3.7-0ubuntu1) ...
Selecting previously unselected package libgtk2.0-bin.
Preparing to unpack .../110-libgtk2.0-bin_2.24.33-2ubuntu2_amd64.deb ...
Unpacking libgtk2.0-bin (2.24.33-2ubuntu2) ...
Selecting previously unselected package librsvg2-2:amd64.
Preparing to unpack .../111-librsvg2-2_2.52.5+dfsg-3_amd64.deb ...
Unpacking librsvg2-2:amd64 (2.52.5+dfsg-3) ...
Selecting previously unselected package librsvg2-common:amd64.
Preparing to unpack .../112-librsvg2-common_2.52.5+dfsg-3_amd64.deb ...
Unpacking librsvg2-common:amd64 (2.52.5+dfsg-3) ...
Selecting previously unselected package openjdk-17-jre:amd64.
Preparing to unpack .../113-openjdk-17-jre_17.0.7+7~us1-0ubuntu1~22.04.2_amd64.deb ...
Unpacking openjdk-17-jre:amd64 (17.0.7+7~us1-0ubuntu1~22.04.2) ...
Setting up libgraphite2-3:amd64 (1.3.14-1build2) ...
Setting up libxcb-dri3-0:amd64 (1.14-3ubuntu3) ...
Setting up liblcms2-2:amd64 (2.12~rc1-2build2) ...
Setting up libpixman-1-0:amd64 (0.40.0-1ubuntu0.22.04.1) ...
Setting up libpciaccess0:amd64 (0.16-3) ...
Setting up session-migration (0.3.6) ...
Created symlink /etc/systemd/user/graphical-session-pre.target.wants/session-migration.service → /usr/lib/systemd/user/session-migration.service.
Setting up libdrm-nouveau2:amd64 (2.4.113-2~ubuntu0.22.04.1) ...
Setting up libxcb-xfixes0:amd64 (1.14-3ubuntu3) ...
Setting up hicolor-icon-theme (0.17-2) ...
Setting up java-common (0.72build2) ...
Setting up libdatrie1:amd64 (0.2.13-2) ...
Setting up libxcb-render0:amd64 (1.14-3ubuntu3) ...
Setting up libdrm-radeon1:amd64 (2.4.113-2~ubuntu0.22.04.1) ...
Setting up libglvnd0:amd64 (1.4.0-1) ...
Setting up libxcb-glx0:amd64 (1.14-3ubuntu3) ...
Setting up libdrm-intel1:amd64 (2.4.113-2~ubuntu0.22.04.1) ...
Setting up libgdk-pixbuf2.0-common (2.42.8+dfsg-1ubuntu0.2) ...
Setting up libxcb-shape0:amd64 (1.14-3ubuntu3) ...
Setting up x11-common (1:7.7+23ubuntu2) ...
Setting up libsensors-config (1:3.6.0-7ubuntu1) ...
Setting up libdeflate0:amd64 (1.10-2) ...
Setting up libxcb-shm0:amd64 (1.14-3ubuntu3) ...
Setting up libjbig0:amd64 (2.1-3.1ubuntu0.22.04.1) ...
Setting up libxcb-present0:amd64 (1.14-3ubuntu3) ...
Setting up libdconf1:amd64 (0.40.0-3) ...
Setting up libasound2-data (1.2.6.1-1ubuntu1) ...
Setting up libfontenc1:amd64 (1:1.1.4-1build3) ...
Setting up libxcb-sync1:amd64 (1.14-3ubuntu3) ...
Setting up libavahi-common-data:amd64 (0.8-5ubuntu5.1) ...
Setting up fonts-dejavu-core (2.37-2build1) ...
Setting up libpcsclite1:amd64 (1.9.5-3ubuntu1) ...
Setting up libsensors5:amd64 (1:3.6.0-7ubuntu1) ...
Setting up libjpeg-turbo8:amd64 (2.1.2-0ubuntu1) ...
Setting up libglapi-mesa:amd64 (22.2.5-0ubuntu0.1~22.04.3) ...
Setting up libwebp7:amd64 (1.2.2-2ubuntu0.22.04.1) ...
Setting up libxcb-dri2-0:amd64 (1.14-3ubuntu3) ...
Setting up libgif7:amd64 (5.1.9-2build2) ...
Setting up libatk1.0-data (2.36.0-3build1) ...
Setting up fonts-dejavu-extra (2.37-2build1) ...
Setting up alsa-topology-conf (1.2.5.1-2) ...
Setting up libxshmfence1:amd64 (1.3-1build4) ...
Setting up libllvm15:amd64 (1:15.0.7-0ubuntu0.22.04.3) ...
Setting up libasound2:amd64 (1.2.6.1-1ubuntu1) ...
Setting up libx11-6:amd64 (2:1.7.5-1ubuntu0.2) ...
Setting up libharfbuzz0b:amd64 (2.7.4-1ubuntu3.1) ...
Setting up libthai-data (0.1.29-1build1) ...
Setting up libgtk2.0-common (2.24.33-2ubuntu2) ...
Setting up libatk1.0-0:amd64 (2.36.0-3build1) ...
Setting up libxkbfile1:amd64 (1:1.1.0-1build3) ...
Setting up libxcomposite1:amd64 (1:0.4.5-1build2) ...
Setting up libdrm-amdgpu1:amd64 (2.4.113-2~ubuntu0.22.04.1) ...
Setting up libjpeg8:amd64 (8c-2ubuntu10) ...
Setting up libgl1-amber-dri:amd64 (21.3.7-0ubuntu1) ...
Setting up libx11-xcb1:amd64 (2:1.7.5-1ubuntu0.2) ...
Setting up libice6:amd64 (2:1.0.10-1build2) ...
Setting up libxdamage1:amd64 (1:1.1.5-2build2) ...
Setting up libxpm4:amd64 (1:3.5.12-1ubuntu0.22.04.1) ...
Setting up libxi6:amd64 (2:1.8-1build1) ...
Setting up libxrender1:amd64 (1:0.9.10-1build4) ...
Setting up alsa-ucm-conf (1.2.6.3-1ubuntu1.7) ...
Setting up fontconfig-config (2.13.1-4.2ubuntu5) ...
Setting up libxtst6:amd64 (2:1.2.3-1build4) ...
Setting up libgl1-mesa-dri:amd64 (22.2.5-0ubuntu0.1~22.04.3) ...
Setting up libavahi-common3:amd64 (0.8-5ubuntu5.1) ...
Setting up libxxf86dga1:amd64 (2:1.1.5-0ubuntu3) ...
Setting up dconf-service (0.40.0-3) ...
Setting up libatspi2.0-0:amd64 (2.44.0-3) ...
Setting up libxxf86vm1:amd64 (1:1.1.4-1build3) ...
Setting up libatk-bridge2.0-0:amd64 (2.38.0-3) ...
Setting up libthai0:amd64 (0.1.29-1build1) ...
Setting up libxfixes3:amd64 (1:6.0.0-1) ...
Setting up libxinerama1:amd64 (2:1.1.4-3) ...
Setting up libxv1:amd64 (2:1.0.11-1build2) ...
Setting up libxrandr2:amd64 (2:1.5.2-1build1) ...
Setting up libtiff5:amd64 (4.3.0-6ubuntu0.4) ...
Setting up libfontconfig1:amd64 (2.13.1-4.2ubuntu5) ...
Setting up libsm6:amd64 (2:1.2.3-1build2) ...
Setting up libavahi-client3:amd64 (0.8-5ubuntu5.1) ...
Setting up fontconfig (2.13.1-4.2ubuntu5) ...
Regenerating fonts cache... done.
Setting up libxft2:amd64 (2.3.4-1) ...
Setting up libglx-mesa0:amd64 (22.2.5-0ubuntu0.1~22.04.3) ...
Setting up libglx0:amd64 (1.4.0-1) ...
Setting up dconf-gsettings-backend:amd64 (0.40.0-3) ...
Setting up libxcursor1:amd64 (1:1.2.0-2build4) ...
Setting up libpango-1.0-0:amd64 (1.50.6+ds-2ubuntu1) ...
Setting up libcairo2:amd64 (1.16.0-5ubuntu2) ...
Setting up libgl1:amd64 (1.4.0-1) ...
Setting up libxt6:amd64 (1:1.2.1-1) ...
Setting up libcups2:amd64 (2.4.1op1-1ubuntu4.4) ...
Setting up libgdk-pixbuf-2.0-0:amd64 (2.42.8+dfsg-1ubuntu0.2) ...
Setting up libcairo-gobject2:amd64 (1.16.0-5ubuntu2) ...
Setting up libpangoft2-1.0-0:amd64 (1.50.6+ds-2ubuntu1) ...
Setting up libpangocairo-1.0-0:amd64 (1.50.6+ds-2ubuntu1) ...
Setting up gsettings-desktop-schemas (42.0-1ubuntu1) ...
Setting up gtk-update-icon-cache (3.24.33-1ubuntu2) ...
Setting up libxmu6:amd64 (2:1.1.3-3) ...
Setting up libxaw7:amd64 (2:1.0.14-1) ...
Setting up librsvg2-2:amd64 (2.52.5+dfsg-3) ...
Setting up librsvg2-common:amd64 (2.52.5+dfsg-3) ...
Setting up libgdk-pixbuf2.0-bin (2.42.8+dfsg-1ubuntu0.2) ...
Setting up x11-utils (7.7+5build2) ...
Setting up libatk-wrapper-java (0.38.0-5build1) ...
Setting up libatk-wrapper-java-jni:amd64 (0.38.0-5build1) ...
Setting up openjdk-17-jre-headless:amd64 (17.0.7+7~us1-0ubuntu1~22.04.2) ...
update-alternatives: using /usr/lib/jvm/java-17-openjdk-amd64/bin/java to provide /usr/bin/java (java) in auto mode
update-alternatives: using /usr/lib/jvm/java-17-openjdk-amd64/bin/jpackage to provide /usr/bin/jpackage (jpackage) in auto mode
update-alternatives: using /usr/lib/jvm/java-17-openjdk-amd64/bin/keytool to provide /usr/bin/keytool (keytool) in auto mode
update-alternatives: using /usr/lib/jvm/java-17-openjdk-amd64/bin/rmiregistry to provide /usr/bin/rmiregistry (rmiregistry) in auto mode
update-alternatives: using /usr/lib/jvm/java-17-openjdk-amd64/lib/jexec to provide /usr/bin/jexec (jexec) in auto mode
Setting up ca-certificates-java (20190909ubuntu1.2) ...
head: cannot open '/etc/ssl/certs/java/cacerts' for reading: No such file or directory
Adding debian:TUBITAK_Kamu_SM_SSL_Kok_Sertifikasi_-_Surum_1.pem
Adding debian:Security_Communication_ECC_RootCA1.pem
Adding debian:DigiCert_Global_Root_G3.pem
Adding debian:DigiCert_Assured_ID_Root_G3.pem
Adding debian:Certigna_Root_CA.pem
Adding debian:GDCA_TrustAUTH_R5_ROOT.pem
Adding debian:GlobalSign_ECC_Root_CA_-_R4.pem
Adding debian:Security_Communication_Root_CA.pem
Adding debian:TWCA_Root_Certification_Authority.pem
Adding debian:GlobalSign_Root_E46.pem
Adding debian:ACCVRAIZ1.pem
Adding debian:GlobalSign_Root_R46.pem
Adding debian:emSign_ECC_Root_CA_-_C3.pem
Adding debian:Certum_EC-384_CA.pem
Adding debian:E-Tugra_Global_Root_CA_ECC_v3.pem
Adding debian:QuoVadis_Root_CA_3.pem
Adding debian:IdenTrust_Commercial_Root_CA_1.pem
Adding debian:Buypass_Class_2_Root_CA.pem
Adding debian:HARICA_TLS_ECC_Root_CA_2021.pem
Adding debian:Trustwave_Global_ECC_P256_Certification_Authority.pem
Adding debian:Amazon_Root_CA_3.pem
Adding debian:Starfield_Services_Root_Certificate_Authority_-_G2.pem
Adding debian:Certum_Trusted_Network_CA.pem
Adding debian:Entrust_Root_Certification_Authority_-_G2.pem
Adding debian:QuoVadis_Root_CA_2.pem
Adding debian:GTS_Root_R3.pem
Adding debian:GLOBALTRUST_2020.pem
Adding debian:Trustwave_Global_Certification_Authority.pem
Adding debian:GlobalSign_Root_CA_-_R3.pem
Adding debian:OISTE_WISeKey_Global_Root_GC_CA.pem
Adding debian:D-TRUST_BR_Root_CA_1_2020.pem
Adding debian:QuoVadis_Root_CA_2_G3.pem
Adding debian:Certum_Trusted_Network_CA_2.pem
Adding debian:Entrust_Root_Certification_Authority_-_EC1.pem
Adding debian:DigiCert_High_Assurance_EV_Root_CA.pem
Adding debian:Entrust_Root_Certification_Authority.pem
Adding debian:SecureTrust_CA.pem
Adding debian:certSIGN_Root_CA_G2.pem
Adding debian:Autoridad_de_Certificacion_Firmaprofesional_CIF_A62634068_2.pem
Adding debian:T-TeleSec_GlobalRoot_Class_3.pem
Adding debian:Microsoft_RSA_Root_Certificate_Authority_2017.pem
Adding debian:ANF_Secure_Server_Root_CA.pem
Adding debian:DigiCert_TLS_ECC_P384_Root_G5.pem
Adding debian:AffirmTrust_Networking.pem
Adding debian:UCA_Global_G2_Root.pem
Adding debian:ePKI_Root_Certification_Authority.pem
Adding debian:AffirmTrust_Commercial.pem
Adding debian:emSign_Root_CA_-_G1.pem
Adding debian:DigiCert_Assured_ID_Root_CA.pem
Adding debian:SSL.com_EV_Root_Certification_Authority_ECC.pem
Adding debian:Entrust_Root_Certification_Authority_-_G4.pem
Adding debian:SSL.com_Root_Certification_Authority_RSA.pem
Adding debian:OISTE_WISeKey_Global_Root_GB_CA.pem
Adding debian:AffirmTrust_Premium_ECC.pem
Adding debian:CA_Disig_Root_R2.pem
Adding debian:SecureSign_RootCA11.pem
Adding debian:UCA_Extended_Validation_Root.pem
Adding debian:CFCA_EV_ROOT.pem
Adding debian:Go_Daddy_Class_2_CA.pem
Adding debian:GlobalSign_ECC_Root_CA_-_R5.pem
Adding debian:Izenpe.com.pem
Adding debian:ISRG_Root_X2.pem
Adding debian:DigiCert_TLS_RSA4096_Root_G5.pem
Adding debian:NAVER_Global_Root_Certification_Authority.pem
Adding debian:COMODO_Certification_Authority.pem
Adding debian:Hongkong_Post_Root_CA_1.pem
Adding debian:SSL.com_EV_Root_Certification_Authority_RSA_R2.pem
Adding debian:emSign_ECC_Root_CA_-_G3.pem
Adding debian:Certainly_Root_R1.pem
Adding debian:TunTrust_Root_CA.pem
Adding debian:SSL.com_Root_Certification_Authority_ECC.pem
Adding debian:DigiCert_Trusted_Root_G4.pem
Adding debian:XRamp_Global_CA_Root.pem
Adding debian:NetLock_Arany_=Class_Gold=_Főtanúsítvány.pem
Adding debian:D-TRUST_EV_Root_CA_1_2020.pem
Adding debian:GlobalSign_Root_CA.pem
Adding debian:Starfield_Class_2_CA.pem
Adding debian:SZAFIR_ROOT_CA2.pem
Adding debian:ISRG_Root_X1.pem
Adding debian:TWCA_Global_Root_CA.pem
Adding debian:AC_RAIZ_FNMT-RCM_SERVIDORES_SEGUROS.pem
Adding debian:vTrus_Root_CA.pem
Adding debian:vTrus_ECC_Root_CA.pem
Adding debian:Telia_Root_CA_v2.pem
Adding debian:QuoVadis_Root_CA_3_G3.pem
Adding debian:D-TRUST_Root_Class_3_CA_2_EV_2009.pem
Adding debian:SwissSign_Silver_CA_-_G2.pem
Adding debian:COMODO_ECC_Certification_Authority.pem
Adding debian:Microsec_e-Szigno_Root_CA_2009.pem
Adding debian:GTS_Root_R2.pem
Adding debian:Go_Daddy_Root_Certificate_Authority_-_G2.pem
Adding debian:GTS_Root_R1.pem
Adding debian:Actalis_Authentication_Root_CA.pem
Adding debian:Autoridad_de_Certificacion_Firmaprofesional_CIF_A62634068.pem
Adding debian:DigiCert_Global_Root_G2.pem
Adding debian:Certum_Trusted_Root_CA.pem
Adding debian:Entrust.net_Premium_2048_Secure_Server_CA.pem
Adding debian:Baltimore_CyberTrust_Root.pem
Adding debian:Certainly_Root_E1.pem
Adding debian:Buypass_Class_3_Root_CA.pem
Adding debian:Certigna.pem
Adding debian:Amazon_Root_CA_1.pem
Adding debian:Security_Communication_RootCA3.pem
Adding debian:GlobalSign_Root_CA_-_R6.pem
Adding debian:SwissSign_Gold_CA_-_G2.pem
Adding debian:QuoVadis_Root_CA_1_G3.pem
Adding debian:Amazon_Root_CA_4.pem
Adding debian:Atos_TrustedRoot_2011.pem
Adding debian:certSIGN_ROOT_CA.pem
Adding debian:HiPKI_Root_CA_-_G1.pem
Adding debian:HARICA_TLS_RSA_Root_CA_2021.pem
Adding debian:Starfield_Root_Certificate_Authority_-_G2.pem
Adding debian:e-Szigno_Root_CA_2017.pem
Adding debian:DigiCert_Assured_ID_Root_G2.pem
Adding debian:AffirmTrust_Premium.pem
Adding debian:Hongkong_Post_Root_CA_3.pem
Adding debian:Secure_Global_CA.pem
Adding debian:D-TRUST_Root_Class_3_CA_2_2009.pem
Adding debian:E-Tugra_Certification_Authority.pem
Adding debian:USERTrust_ECC_Certification_Authority.pem
Adding debian:GTS_Root_R4.pem
Adding debian:DigiCert_Global_Root_CA.pem
Adding debian:Microsoft_ECC_Root_Certificate_Authority_2017.pem
Adding debian:Trustwave_Global_ECC_P384_Certification_Authority.pem
Adding debian:Amazon_Root_CA_2.pem
Adding debian:COMODO_RSA_Certification_Authority.pem
Adding debian:Hellenic_Academic_and_Research_Institutions_RootCA_2015.pem
Adding debian:AC_RAIZ_FNMT-RCM.pem
Adding debian:USERTrust_RSA_Certification_Authority.pem
Adding debian:emSign_Root_CA_-_C1.pem
Adding debian:E-Tugra_Global_Root_CA_RSA_v3.pem
Adding debian:T-TeleSec_GlobalRoot_Class_2.pem
Adding debian:Security_Communication_RootCA2.pem
Adding debian:Hellenic_Academic_and_Research_Institutions_ECC_RootCA_2015.pem
Adding debian:TeliaSonera_Root_CA_v1.pem
Adding debian:IdenTrust_Public_Sector_Root_CA_1.pem
Adding debian:Comodo_AAA_Services_root.pem
done.
Setting up adwaita-icon-theme (41.0-1ubuntu1) ...
update-alternatives: using /usr/share/icons/Adwaita/cursor.theme to provide /usr/share/icons/default/index.theme (x-cursor-theme) in auto mode
Setting up libgtk2.0-0:amd64 (2.24.33-2ubuntu2) ...
Setting up humanity-icon-theme (0.6.16) ...
Setting up libgail18:amd64 (2.24.33-2ubuntu2) ...
Setting up libgtk2.0-bin (2.24.33-2ubuntu2) ...
Setting up libgail-common:amd64 (2.24.33-2ubuntu2) ...
Setting up openjdk-17-jre:amd64 (17.0.7+7~us1-0ubuntu1~22.04.2) ...
Setting up ubuntu-mono (20.10-0ubuntu2) ...
Processing triggers for man-db (2.10.2-1) ...
Processing triggers for ca-certificates (20230311ubuntu0.22.04.1) ...
Updating certificates in /etc/ssl/certs...
0 added, 0 removed; done.
Running hooks in /etc/ca-certificates/update.d...

done.
done.
Processing triggers for libglib2.0-0:amd64 (2.72.4-0ubuntu2) ...
Processing triggers for libc-bin (2.35-0ubuntu3.1) ...
Setting up at-spi2-core (2.44.0-3) ...
Processing triggers for libgdk-pixbuf-2.0-0:amd64 (2.42.8+dfsg-1ubuntu0.2) ...
Scanning processes...
Scanning linux images...

Running kernel seems to be up-to-date.

No services need to be restarted.

No containers need to be restarted.

No user sessions are running outdated binaries.

No VM guests are running outdated hypervisor (qemu) binaries on this host.
root@ip-172-31-30-224:/home/ubuntu# java -version
openjdk version "17.0.7" 2023-04-18
OpenJDK Runtime Environment (build 17.0.7+7-Ubuntu-0ubuntu122.04.2)
OpenJDK 64-Bit Server VM (build 17.0.7+7-Ubuntu-0ubuntu122.04.2, mixed mode, sharing)
root@ip-172-31-30-224:/home/ubuntu# curl -fsSL https://pkg.jenkins.io/debian-stable/jenkins.io-2023.key | sudo tee \
  /usr/share/keyrings/jenkins-keyring.asc > /dev/null
root@ip-172-31-30-224:/home/ubuntu# echo deb [signed-by=/usr/share/keyrings/jenkins-keyring.asc] \
  https://pkg.jenkins.io/debian-stable binary/ | sudo tee \
  /etc/apt/sources.list.d/jenkins.list > /dev/null
root@ip-172-31-30-224:/home/ubuntu# sudo apt-get update
Hit:1 http://us-east-1.ec2.archive.ubuntu.com/ubuntu jammy InRelease
Hit:2 http://us-east-1.ec2.archive.ubuntu.com/ubuntu jammy-updates InRelease
Hit:3 http://us-east-1.ec2.archive.ubuntu.com/ubuntu jammy-backports InRelease
Hit:4 https://download.docker.com/linux/ubuntu jammy InRelease
Ign:5 https://pkg.jenkins.io/debian-stable binary/ InRelease
Get:6 https://pkg.jenkins.io/debian-stable binary/ Release [2044 B]
Get:7 https://pkg.jenkins.io/debian-stable binary/ Release.gpg [833 B]
Hit:8 http://security.ubuntu.com/ubuntu jammy-security InRelease
Get:9 https://pkg.jenkins.io/debian-stable binary/ Packages [25.3 kB]
Fetched 28.1 kB in 1s (32.4 kB/s)
Reading package lists... Done
root@ip-172-31-30-224:/home/ubuntu# sudo apt-get install jenkins
Reading package lists... Done
Building dependency tree... Done
Reading state information... Done
The following additional packages will be installed:
  net-tools
The following NEW packages will be installed:
  jenkins net-tools
0 upgraded, 2 newly installed, 0 to remove and 84 not upgraded.
Need to get 95.9 MB of archives.
After this operation, 99.3 MB of additional disk space will be used.
Do you want to continue? [Y/n] Y
Get:1 http://us-east-1.ec2.archive.ubuntu.com/ubuntu jammy/main amd64 net-tools amd64 1.60+git20181103.0eebece-1ubuntu5 [204 kB]
Get:2 https://pkg.jenkins.io/debian-stable binary/ jenkins 2.401.3 [95.7 MB]
Fetched 95.9 MB in 5s (19.6 MB/s)
Selecting previously unselected package net-tools.
(Reading database ... 80126 files and directories currently installed.)
Preparing to unpack .../net-tools_1.60+git20181103.0eebece-1ubuntu5_amd64.deb ...
Unpacking net-tools (1.60+git20181103.0eebece-1ubuntu5) ...
Selecting previously unselected package jenkins.
Preparing to unpack .../jenkins_2.401.3_all.deb ...
Unpacking jenkins (2.401.3) ...
Setting up net-tools (1.60+git20181103.0eebece-1ubuntu5) ...
Setting up jenkins (2.401.3) ...
Created symlink /etc/systemd/system/multi-user.target.wants/jenkins.service → /lib/systemd/system/jenkins.service.
Processing triggers for man-db (2.10.2-1) ...
Scanning processes...
Scanning linux images...

Running kernel seems to be up-to-date.

No services need to be restarted.

No containers need to be restarted.

No user sessions are running outdated binaries.

No VM guests are running outdated hypervisor (qemu) binaries on this host.
root@ip-172-31-30-224:/home/ubuntu# cat /var/lib/jenkins/secrets/initialAdminPassword
6b62b6c236054cb499fe385e5f5ab883
root@ip-172-31-30-224:/home/ubuntu# ^C
root@ip-172-31-30-224:/home/ubuntu# su jenkins
jenkins@ip-172-31-30-224:/home/ubuntu$ cd ~
jenkins@ip-172-31-30-224:~$ cd .ssh
bash: cd: .ssh: No such file or directory
jenkins@ip-172-31-30-224:~$ mkdir .ssh
jenkins@ip-172-31-30-224:~$ chmod 0600 .ssh
jenkins@ip-172-31-30-224:~$ cd .ssh
bash: cd: .ssh: Permission denied
jenkins@ip-172-31-30-224:~$ chmod 777 .ssh
jenkins@ip-172-31-30-224:~$ cd .ssh
jenkins@ip-172-31-30-224:~/.ssh$ vi config
jenkins@ip-172-31-30-224:~/.ssh$ vi config
jenkins@ip-172-31-30-224:~/.ssh$ vi config
jenkins@ip-172-31-30-224:~/.ssh$ vi config
jenkins@ip-172-31-30-224:~/.ssh$ mkdir jenkins
jenkins@ip-172-31-30-224:~/.ssh$ mkdir devkey
jenkins@ip-172-31-30-224:~/.ssh$ cd devkey/
jenkins@ip-172-31-30-224:~/.ssh/devkey$ vi Web_server_1.pem
jenkins@ip-172-31-30-224:~/.ssh/devkey$ chmod 0400 Web_server_1.pem
jenkins@ip-172-31-30-224:~/.ssh/devkey$ ssh Devlopment
The authenticity of host '3.91.240.164 (3.91.240.164)' can't be established.
ED25519 key fingerprint is SHA256:qMZ4X2DCS6c2kB/aoOcFmjO9dba/jwHZHA+HBMoKjNo.
This key is not known by any other names
Are you sure you want to continue connecting (yes/no/[fingerprint])? yes
Warning: Permanently added '3.91.240.164' (ED25519) to the list of known hosts.
Welcome to Ubuntu 22.04.2 LTS (GNU/Linux 5.19.0-1025-aws x86_64)

 * Documentation:  https://help.ubuntu.com
 * Management:     https://landscape.canonical.com
 * Support:        https://ubuntu.com/advantage

  System information as of Sun Jul 30 17:01:08 UTC 2023

  System load:  0.0               Processes:             96
  Usage of /:   20.6% of 7.57GB   Users logged in:       0
  Memory usage: 24%               IPv4 address for eth0: 172.31.93.136
  Swap usage:   0%

Expanded Security Maintenance for Applications is not enabled.

0 updates can be applied immediately.

Enable ESM Apps to receive additional future security updates.
See https://ubuntu.com/esm or run: sudo pro status


The list of available updates is more than a week old.
To check for new updates run: sudo apt update


The programs included with the Ubuntu system are free software;
the exact distribution terms for each program are described in the
individual files in /usr/share/doc/*/copyright.

Ubuntu comes with ABSOLUTELY NO WARRANTY, to the extent permitted by
applicable law.

To run a command as administrator (user "root"), use "sudo <command>".
See "man sudo_root" for details.

ubuntu@ip-172-31-93-136:~$
logout
Connection to 3.91.240.164 closed.
jenkins@ip-172-31-30-224:~/.ssh/devkey$ history
    1  cd ~
    2  cd .ssh
    3  mkdir .ssh
    4  chmod 0600 .ssh
    5  cd .ssh
    6  chmod 777 .ssh
    7  cd .ssh
    8  vi config
    9  vi config
   10  vi config
   11  vi config
   12  mkdir jenkins
   13  mkdir devkey
   14  cd devkey/
   15  vi Web_server_1.pem
   16  chmod 0400 Web_server_1.pem
   17  ssh Devlopment
   18  history
jenkins@ip-172-31-30-224:~/.ssh/devkey$ ssh Devlopment
Welcome to Ubuntu 22.04.2 LTS (GNU/Linux 5.19.0-1025-aws x86_64)

 * Documentation:  https://help.ubuntu.com
 * Management:     https://landscape.canonical.com
 * Support:        https://ubuntu.com/advantage

  System information as of Sun Jul 30 17:15:51 UTC 2023

  System load:  0.0               Processes:             95
  Usage of /:   20.8% of 7.57GB   Users logged in:       0
  Memory usage: 25%               IPv4 address for eth0: 172.31.93.136
  Swap usage:   0%


Expanded Security Maintenance for Applications is not enabled.

0 updates can be applied immediately.

Enable ESM Apps to receive additional future security updates.
See https://ubuntu.com/esm or run: sudo pro status


The list of available updates is more than a week old.
To check for new updates run: sudo apt update

Last login: Sun Jul 30 17:01:09 2023 from 54.205.30.63
To run a command as administrator (user "root"), use "sudo <command>".
See "man sudo_root" for details.

ubuntu@ip-172-31-93-136:~$ ls
README.md  code
ubuntu@ip-172-31-93-136:~$ vi config
ubuntu@ip-172-31-93-136:~$
logout
Connection to 3.91.240.164 closed.
jenkins@ip-172-31-30-224:~/.ssh/devkey$ vi config
jenkins@ip-172-31-30-224:~/.ssh/devkey$ cd .ssh
bash: cd: .ssh: No such file or directory
jenkins@ip-172-31-30-224:~/.ssh/devkey$ ls
Web_server_1.pem  config
jenkins@ip-172-31-30-224:~/.ssh/devkey$ cat config
jenkins@ip-172-31-30-224:~/.ssh/devkey$ cd ..
jenkins@ip-172-31-30-224:~/.ssh$ cd /
jenkins@ip-172-31-30-224:/$ ls
bin  boot  dev  etc  home  lib  lib32  lib64  libx32  lost+found  media  mnt  opt  proc  root  run  sbin  snap  srv  sys  tmp  usr  var
jenkins@ip-172-31-30-224:/$ cd .ssh
bash: cd: .ssh: No such file or directory
jenkins@ip-172-31-30-224:/$ cd /var/lib/jenkins/
jenkins@ip-172-31-30-224:~$ ls
caches                                          jenkins.telemetry.Correlator.xml                           secret.key.not-so-secret
config.xml                                      jobs                                                       secrets
hudson.model.UpdateCenter.xml                   nodeMonitors.xml                                           updates
hudson.plugins.git.GitTool.xml                  nodes                                                      userContent
identity.key.enc                                org.jenkinsci.plugins.workflow.flow.FlowExecutionList.xml  users
jenkins.install.InstallUtil.lastExecVersion     plugins                                                    workspace
jenkins.install.UpgradeWizard.state             queue.xml
jenkins.model.JenkinsLocationConfiguration.xml  secret.key
jenkins@ip-172-31-30-224:~$ cd .ssh/
jenkins@ip-172-31-30-224:~/.ssh$ ls
config  devkey  jenkins  known_hosts  known_hosts.old
jenkins@ip-172-31-30-224:~/.ssh$ cat config
Host Devlopment
    HostName 3.91.240.164
    User ubuntu
    IdentityFile ~/.ssh/devkey/Web_server_1.pem
jenkins@ip-172-31-30-224:~/.ssh$ vi config
jenkins@ip-172-31-30-224:~/.ssh$ ssh UAT
The authenticity of host '44.210.145.128 (44.210.145.128)' can't be established.
ED25519 key fingerprint is SHA256:sXx+LqHguShiX6KccVe0a+u5KEPiDZekQ6r2MMy0vTA.
This key is not known by any other names
Are you sure you want to continue connecting (yes/no/[fingerprint])? yes
Warning: Permanently added '44.210.145.128' (ED25519) to the list of known hosts.
Welcome to Ubuntu 22.04.2 LTS (GNU/Linux 5.19.0-1025-aws x86_64)

 * Documentation:  https://help.ubuntu.com
 * Management:     https://landscape.canonical.com
 * Support:        https://ubuntu.com/advantage

  System information as of Sun Jul 30 17:28:10 UTC 2023

  System load:  0.0               Processes:             95
  Usage of /:   20.8% of 7.57GB   Users logged in:       0
  Memory usage: 25%               IPv4 address for eth0: 172.31.82.236
  Swap usage:   0%


Expanded Security Maintenance for Applications is not enabled.

0 updates can be applied immediately.

Enable ESM Apps to receive additional future security updates.
See https://ubuntu.com/esm or run: sudo pro status


The list of available updates is more than a week old.
To check for new updates run: sudo apt update

Last login: Sun Jul 30 16:39:28 2023 from 103.176.187.22
ubuntu@ip-172-31-82-236:~$ ls
ubuntu@ip-172-31-82-236:~$ ls
README.md  code
ubuntu@ip-172-31-82-236:~$ ls
README.md  code
ubuntu@ip-172-31-82-236:~$ rm README.md
ubuntu@ip-172-31-82-236:~$ ls
code
ubuntu@ip-172-31-82-236:~$ rm code
ubuntu@ip-172-31-82-236:~$ ls
ubuntu@ip-172-31-82-236:~$ ls
README.md  code
ubuntu@ip-172-31-82-236:~$ history
    1  sudo su
    2  ls
    3  rm README.md
    4  ls
    5  rm code
    6  ls
    7  history
ubuntu@ip-172-31-82-236:~$
logout
Connection to 44.210.145.128 closed.
jenkins@ip-172-31-30-224:~/.ssh$ history
    1  cd ~
    2  cd .ssh
    3  mkdir .ssh
    4  chmod 0600 .ssh
    5  cd .ssh
    6  chmod 777 .ssh
    7  cd .ssh
    8  vi config
    9  vi config
   10  vi config
   11  vi config
   12  mkdir jenkins
   13  mkdir devkey
   14  cd devkey/
   15  vi Web_server_1.pem
   16  chmod 0400 Web_server_1.pem
   17  ssh Devlopment
   18  history
   19  ssh Devlopment
   20  vi config
   21  cd .ssh
   22  ls
   23  cat config
   24  cd ..
   25  cd /
   26  ls
   27  cd .ssh
   28  cd /var/lib/jenkins/
   29  ls
   30  cd .ssh/
   31  ls
   32  cat config
   33  vi config
   34  ssh UAT
   35  history
jenkins@ip-172-31-30-224:~/.ssh$ history | more
    1  cd ~
    2  cd .ssh
    3  mkdir .ssh
    4  chmod 0600 .ssh
    5  cd .ssh
    6  chmod 777 .ssh
    7  cd .ssh
    8  vi config
    9  vi config
   10  vi config
   11  vi config
   12  mkdir jenkins
   13  mkdir devkey
   14  cd devkey/
   15  vi Web_server_1.pem
   16  chmod 0400 Web_server_1.pem
   17  ssh Devlopment
   18  history
   19  ssh Devlopment
   20  vi config
   21  cd .ssh
   22  ls
   23  cat config
   24  cd ..
   25  cd /
   26  ls
   27  cd .ssh
   28  cd /var/lib/jenkins/
   29  ls
   30  cd .ssh/
   31  ls
   32  cat config
   33  vi config
   34  ssh UAT
   35  history
   36  history | more
jenkins@ip-172-31-30-224:~/.ssh$ su jenkins
Password:
su: Authentication failure
jenkins@ip-172-31-30-224:~/.ssh$ su jenkins
Password:
su: Authentication failure
jenkins@ip-172-31-30-224:~/.ssh$ sudo su
[sudo] password for jenkins:
Sorry, try again.
[sudo] password for jenkins:
sudo: 1 incorrect password attempt
jenkins@ip-172-31-30-224:~/.ssh$ ^C
jenkins@ip-172-31-30-224:~/.ssh$
